Parallel Configuration Cache is an incubating feature.
Calculating task graph as no cached configuration is available for tasks: help
Type-safe project accessors is an incubating feature.
> Task :build-logic:convention:checkKotlinGradlePluginConfigurationErrors SKIPPED
> Task :build-logic:convention:compileKotlin UP-TO-DATE
> Task :build-logic:convention:compileJava NO-SOURCE
> Task :build-logic:convention:pluginDescriptors UP-TO-DATE
> Task :build-logic:convention:processResources UP-TO-DATE
> Task :build-logic:convention:classes UP-TO-DATE
> Task :build-logic:convention:jar UP-TO-DATE

> Task :help

Welcome to Gradle 9.4.0.

To run a build, run gradlew <task> ...

To see a list of available tasks, run gradlew tasks

To see more detail about a task, run gradlew help --task <task>

To see a list of command-line options, run gradlew --help

For more detail on using Gradle, see https://docs.gradle.org/9.4.0/userguide/command_line_interface.html

For troubleshooting, visit https://help.gradle.org

BUILD SUCCESSFUL in 4s
5 actionable tasks: 1 executed, 4 up-to-date
Configuration cache entry stored.

See the profiling report at: file:///Users/claw/work/nowinandroid/build/reports/profile/profile-2026-08-03-10-48-27.html
A fine-grained performance profile is available: use the --scan option.
